// Jest Snapshot v1, https://goo.gl/fbAQLP

exports[`<NavLinks /> should match snapshot 1`] = `
<div>
  <nav
    aria-label="Main menu"
    class="styles__Container-sc-1eekzgo-0 dvXYtv"
  >
    <a
      class="styles__Container-sc-1ehi4pt-0 hbmwJJ"
      href="#target1"
      target="_self"
    >
      link 1
    </a>
    <a
      class="styles__Container-sc-1ehi4pt-0 hbmwJJ"
      href="#target2"
      target="_self"
    >
      link 2
    </a>
    <a
      class="styles__Container-sc-1ehi4pt-0 hbmwJJ"
      href="#target3"
      target="_self"
    >
      link 3
    </a>
    <a
      class="styles__Container-sc-1ehi4pt-0 hbmwJJ"
      href="#target4"
      target="_self"
    >
      link 4
    </a>
    <a
      class="styles__Container-sc-1ehi4pt-0 hbmwJJ"
      href="#target5"
      target="_self"
    >
      link 5
    </a>
    <a
      class="styles__Container-sc-1ehi4pt-0 hbmwJJ"
      href="#target6"
      target="_self"
    >
      link 6
    </a>
    <a
      class="styles__Container-sc-1ehi4pt-0 hbmwJJ"
      href="#target7"
      target="_self"
    >
      link 7
    </a>
    <a
      class="styles__Container-sc-1ehi4pt-0 hbmwJJ"
      href="#target8"
      target="_self"
    >
      link 8
    </a>
    <a
      class="styles__Container-sc-1ehi4pt-0 hbmwJJ"
      href="#target9"
      target="_self"
    >
      link 9
    </a>
    <a
      class="styles__Container-sc-1ehi4pt-0 hbmwJJ"
      href="#target10"
      target="_self"
    >
      link 10
    </a>
  </nav>
</div>
`;
