// Jest Snapshot v1, https://goo.gl/fbAQLP

exports[`<GridText /> should render background set undefined 1`] = `
<div>
  <div
    class="styles__Container-d23vz7-0 bMuKEd"
    id=""
  >
    <div
      class="styles__Container-sc-1abwwhx-0 kXNRnk"
    >
      <div
        class="styles__Container-sc-12xrfxm-0 kwvuKd"
      >
        <h2
          class="styles__Title-sc-1b7ft9h-0 cjtgIq"
        >
          My grid
        </h2>
        <div
          class="styles__Container-sc-1ba2h2-0 cPpcCF"
        >
          Atque doloribus nobis laudantium esse ut, non commodi maxime distinctio veritatis unde
        </div>
        <div
          class="styles__Grid-sc-12xrfxm-1 iCrPWb"
        >
          <div
            class="styles__GridElement-sc-12xrfxm-2 hFgmUH"
          >
            <h3
              class="styles__Title-sc-1b7ft9h-0 WxCUU"
            >
              Teste 1
            </h3>
            <div
              class="styles__Container-sc-1ba2h2-0 cPpcCF"
            >
              Lorem ipsum dolor sit, amet consectetur adipisicing elit. Debitis cum delectus molestias. Atque doloribus nobis laudantium esse ut, non commodi maxime distinctio veritatis unde, reprehenderit minus ad dolores provident maiores.
            </div>
          </div>
          <div
            class="styles__GridElement-sc-12xrfxm-2 hFgmUH"
          >
            <h3
              class="styles__Title-sc-1b7ft9h-0 WxCUU"
            >
              Teste 2
            </h3>
            <div
              class="styles__Container-sc-1ba2h2-0 cPpcCF"
            >
              Lorem ipsum dolor sit, amet consectetur adipisicing elit. Debitis cum delectus molestias. Atque doloribus nobis laudantium esse ut, non commodi maxime distinctio veritatis unde, reprehenderit minus ad dolores provident maiores.
            </div>
          </div>
          <div
            class="styles__GridElement-sc-12xrfxm-2 hFgmUH"
          >
            <h3
              class="styles__Title-sc-1b7ft9h-0 WxCUU"
            >
              Teste 3
            </h3>
            <div
              class="styles__Container-sc-1ba2h2-0 cPpcCF"
            >
              Lorem ipsum dolor sit, amet consectetur adipisicing elit. Debitis cum delectus molestias. Atque doloribus nobis laudantium esse ut, non commodi maxime distinctio veritatis unde, reprehenderit minus ad dolores provident maiores.
            </div>
          </div>
        </div>
      </div>
    </div>
  </div>
</div>
`;

exports[`<GridText /> should render with background 1`] = `
<div>
  <div
    class="styles__Container-d23vz7-0 bMuKEd"
    id=""
  >
    <div
      class="styles__Container-sc-1abwwhx-0 kXNRnk"
    >
      <div
        class="styles__Container-sc-12xrfxm-0 kwvuKd"
      >
        <h2
          class="styles__Title-sc-1b7ft9h-0 cjtgIq"
        >
          My grid
        </h2>
        <div
          class="styles__Container-sc-1ba2h2-0 cPpcCF"
        >
          Atque doloribus nobis laudantium esse ut, non commodi maxime distinctio veritatis unde
        </div>
        <div
          class="styles__Grid-sc-12xrfxm-1 iCrPWb"
        >
          <div
            class="styles__GridElement-sc-12xrfxm-2 hFgmUH"
          >
            <h3
              class="styles__Title-sc-1b7ft9h-0 WxCUU"
            >
              Teste 1
            </h3>
            <div
              class="styles__Container-sc-1ba2h2-0 cPpcCF"
            >
              Lorem ipsum dolor sit, amet consectetur adipisicing elit. Debitis cum delectus molestias. Atque doloribus nobis laudantium esse ut, non commodi maxime distinctio veritatis unde, reprehenderit minus ad dolores provident maiores.
            </div>
          </div>
          <div
            class="styles__GridElement-sc-12xrfxm-2 hFgmUH"
          >
            <h3
              class="styles__Title-sc-1b7ft9h-0 WxCUU"
            >
              Teste 2
            </h3>
            <div
              class="styles__Container-sc-1ba2h2-0 cPpcCF"
            >
              Lorem ipsum dolor sit, amet consectetur adipisicing elit. Debitis cum delectus molestias. Atque doloribus nobis laudantium esse ut, non commodi maxime distinctio veritatis unde, reprehenderit minus ad dolores provident maiores.
            </div>
          </div>
          <div
            class="styles__GridElement-sc-12xrfxm-2 hFgmUH"
          >
            <h3
              class="styles__Title-sc-1b7ft9h-0 WxCUU"
            >
              Teste 3
            </h3>
            <div
              class="styles__Container-sc-1ba2h2-0 cPpcCF"
            >
              Lorem ipsum dolor sit, amet consectetur adipisicing elit. Debitis cum delectus molestias. Atque doloribus nobis laudantium esse ut, non commodi maxime distinctio veritatis unde, reprehenderit minus ad dolores provident maiores.
            </div>
          </div>
        </div>
      </div>
    </div>
  </div>
</div>
`;
